
> taskflow@0.1.0 build
> next build

node.exe :  ΓÜá 
Warning: Next.js 
inferred your 
workspace root, but 
it may not be correct.
At line:1 char:1
+ & "C:\Program Files\
nodejs/node.exe" 
"C:\Program 
Files\nodejs/node_mo 
...
+ ~~~~~~~~~~~~~~~~~~~~
~~~~~~~~~~~~~~~~~~~~~~
~~~~~~~~~~~~~~~~~~~~~~
~~~~~
    + CategoryInfo    
          : NotSpeci  
  fied: ( ΓÜá Warni   
 ng: N...not be co    
rrect.:String) []    
, RemoteException
    + FullyQualifiedE 
   rrorId : NativeCo  
  mmandError
 
 We detected multiple 
lockfiles and 
selected the 
directory of C:\Users\
HP\package-lock.json 
as the root directory.
 To silence this 
warning, set 
`turbopack.root` in 
your Next.js config, 
or consider removing 
one of the lockfiles 
if it's not needed.
   See https://nextjs.
org/docs/app/api-refer
ence/config/next-confi
g-js/turbopack#root-di
rectory for more 
information.
 Detected additional 
lockfiles: 
   * C:\Users\HP\taskf
low\package-lock.json

   Γû▓ Next.js 16.0.10 (Turbopack)
   - Environments: .env

   Creating an optimized production build ...

> Build error occurred
Error: Turbopack 
build failed with 4 
errors:
./taskflow/lib/generat
ed/prisma/client.ts:23
:1
Module not found: 
Can't resolve 
'./enums.js'
[0m [90m 21 |[39m 
[36mimport[39m 
[33m*[39m 
[36mas[39m 
[33mPrisma[39m 
[36mfrom[39m [32m".
/internal/prismaNamesp
ace.js"[39m
 [90m 22 |[39m
[31m[1m>[22m[39m[
90m 23 |[39m 
[36mexport[39m 
[33m*[39m 
[36mas[39m $Enums 
[36mfrom[39m [32m'.
/enums.js'[39m[33m;
[39m
 [90m    |[39m [31m
[1m^[22m[39m[31m[
1m^[22m[39m[31m[1m
^[22m[39m[31m[1m^
[22m[39m[31m[1m^[2
2m[39m[31m[1m^[22m
[39m[31m[1m^[22m[
39m[31m[1m^[22m[39
m[31m[1m^[22m[39m
[31m[1m^[22m[39m[3
1m[1m^[22m[39m[31m
[1m^[22m[39m[31m[
1m^[22m[39m[31m[1m
^[22m[39m[31m[1m^
[22m[39m[31m[1m^[2
2m[39m[31m[1m^[22m
[39m[31m[1m^[22m[
39m[31m[1m^[22m[39
m[31m[1m^[22m[39m
[31m[1m^[22m[39m[3
1m[1m^[22m[39m[31m
[1m^[22m[39m[31m[
1m^[22m[39m[31m[1m
^[22m[39m[31m[1m^
[22m[39m[31m[1m^[2
2m[39m[31m[1m^[22m
[39m[31m[1m^[22m[
39m[31m[1m^[22m[39
m[31m[1m^[22m[39m
[31m[1m^[22m[39m[3
1m[1m^[22m[39m[31m
[1m^[22m[39m[31m[
1m^[22m[39m[31m[1m
^[22m[39m[31m[1m^
[22m[39m
 [90m 24 |[39m 
[36mexport[39m 
[33m*[39m 
[36mfrom[39m 
[32m"./enums.js"[39m
 [90m 25 |[39m 
[90m/**[39m
 [90m 26 |[39m 
[90m * ## Prisma 
Client[39m[0m



Import trace:
  App Route:
    ./taskflow/lib/gen
erated/prisma/client.t
s
    
./taskflow/lib/db.ts
    
./taskflow/lib/auth.ts
    ./taskflow/app/api
/auth/[...all]/route.t
s

https://nextjs.org/doc
s/messages/module-not-
found


./taskflow/lib/generat
ed/prisma/client.ts:24
:1
Module not found: 
Can't resolve 
'./enums.js'
[0m [90m 22 |[39m
 [90m 23 |[39m 
[36mexport[39m 
[33m*[39m 
[36mas[39m $Enums 
[36mfrom[39m [32m'.
/enums.js'[39m[33m;
[39m
[31m[1m>[22m[39m[
90m 24 |[39m 
[36mexport[39m 
[33m*[39m 
[36mfrom[39m 
[32m"./enums.js"[39m
 [90m    |[39m [31m
[1m^[22m[39m[31m[
1m^[22m[39m[31m[1m
^[22m[39m[31m[1m^
[22m[39m[31m[1m^[2
2m[39m[31m[1m^[22m
[39m[31m[1m^[22m[
39m[31m[1m^[22m[39
m[31m[1m^[22m[39m
[31m[1m^[22m[39m[3
1m[1m^[22m[39m[31m
[1m^[22m[39m[31m[
1m^[22m[39m[31m[1m
^[22m[39m[31m[1m^
[22m[39m[31m[1m^[2
2m[39m[31m[1m^[22m
[39m[31m[1m^[22m[
39m[31m[1m^[22m[39
m[31m[1m^[22m[39m
[31m[1m^[22m[39m[3
1m[1m^[22m[39m[31m
[1m^[22m[39m[31m[
1m^[22m[39m[31m[1m
^[22m[39m[31m[1m^
[22m[39m
 [90m 25 |[39m 
[90m/**[39m
 [90m 26 |[39m 
[90m * ## Prisma 
Client[39m
 [90m 27 |[39m 
[90m * [39m[0m



Import trace:
  App Route:
    ./taskflow/lib/gen
erated/prisma/client.t
s
    
./taskflow/lib/db.ts
    
./taskflow/lib/auth.ts
    ./taskflow/app/api
/auth/[...all]/route.t
s

https://nextjs.org/doc
s/messages/module-not-
found


./taskflow/lib/generat
ed/prisma/client.ts:20
:1
Module not found: 
Can't resolve 
'./internal/class.js'
[0m [90m 18 |[39m 
[36mimport[39m 
[33m*[39m 
[36mas[39m runtime 
[36mfrom[39m [32m"@
prisma/client/runtime/
client"[39m
 [90m 19 |[39m 
[36mimport[39m 
[33m*[39m 
[36mas[39m $Enums 
[36mfrom[39m 
[32m"./enums.js"[39m
[31m[1m>[22m[39m[
90m 20 |[39m 
[36mimport[39m 
[33m*[39m 
[36mas[39m $Class 
[36mfrom[39m [32m".
/internal/class.js"[3
9m
 [90m    |[39m [31m
[1m^[22m[39m[31m[
1m^[22m[39m[31m[1m
^[22m[39m[31m[1m^
[22m[39m[31m[1m^[2
2m[39m[31m[1m^[22m
[39m[31m[1m^[22m[
39m[31m[1m^[22m[39
m[31m[1m^[22m[39m
[31m[1m^[22m[39m[3
1m[1m^[22m[39m[31m
[1m^[22m[39m[31m[
1m^[22m[39m[31m[1m
^[22m[39m[31m[1m^
[22m[39m[31m[1m^[2
2m[39m[31m[1m^[22m
[39m[31m[1m^[22m[
39m[31m[1m^[22m[39
m[31m[1m^[22m[39m
[31m[1m^[22m[39m[3
1m[1m^[22m[39m[31m
[1m^[22m[39m[31m[
1m^[22m[39m[31m[1m
^[22m[39m[31m[1m^
[22m[39m[31m[1m^[2
2m[39m[31m[1m^[22m
[39m[31m[1m^[22m[
39m[31m[1m^[22m[39
m[31m[1m^[22m[39m
[31m[1m^[22m[39m[3
1m[1m^[22m[39m[31m
[1m^[22m[39m[31m[
1m^[22m[39m[31m[1m
^[22m[39m[31m[1m^
[22m[39m[31m[1m^[2
2m[39m[31m[1m^[22m
[39m[31m[1m^[22m[
39m[31m[1m^[22m[39
m[31m[1m^[22m[39m
[31m[1m^[22m[39m[3
1m[1m^[22m[39m[31m
[1m^[22m[39m
 [90m 21 |[39m 
[36mimport[39m 
[33m*[39m 
[36mas[39m 
[33mPrisma[39m 
[36mfrom[39m [32m".
/internal/prismaNamesp
ace.js"[39m
 [90m 22 |[39m
 [90m 23 |[39m 
[36mexport[39m 
[33m*[39m 
[36mas[39m $Enums 
[36mfrom[39m [32m'.
/enums.js'[39m[33m;
[39m[0m



Import trace:
  App Route:
    ./taskflow/lib/gen
erated/prisma/client.t
s
    
./taskflow/lib/db.ts
    
./taskflow/lib/auth.ts
    ./taskflow/app/api
/auth/[...all]/route.t
s

https://nextjs.org/doc
s/messages/module-not-
found


./taskflow/lib/generat
ed/prisma/client.ts:21
:1
Module not found: 
Can't resolve './inter
nal/prismaNamespace.js
'
[0m [90m 19 |[39m 
[36mimport[39m 
[33m*[39m 
[36mas[39m $Enums 
[36mfrom[39m 
[32m"./enums.js"[39m
 [90m 20 |[39m 
[36mimport[39m 
[33m*[39m 
[36mas[39m $Class 
[36mfrom[39m [32m".
/internal/class.js"[3
9m
[31m[1m>[22m[39m[
90m 21 |[39m 
[36mimport[39m 
[33m*[39m 
[36mas[39m 
[33mPrisma[39m 
[36mfrom[39m [32m".
/internal/prismaNamesp
ace.js"[39m
 [90m    |[39m [31m
[1m^[22m[39m[31m[
1m^[22m[39m[31m[1m
^[22m[39m[31m[1m^
[22m[39m[31m[1m^[2
2m[39m[31m[1m^[22m
[39m[31m[1m^[22m[
39m[31m[1m^[22m[39
m[31m[1m^[22m[39m
[31m[1m^[22m[39m[3
1m[1m^[22m[39m[31m
[1m^[22m[39m[31m[
1m^[22m[39m[31m[1m
^[22m[39m[31m[1m^
[22m[39m[31m[1m^[2
2m[39m[31m[1m^[22m
[39m[31m[1m^[22m[
39m[31m[1m^[22m[39
m[31m[1m^[22m[39m
[31m[1m^[22m[39m[3
1m[1m^[22m[39m[31m
[1m^[22m[39m[31m[
1m^[22m[39m[31m[1m
^[22m[39m[31m[1m^
[22m[39m[31m[1m^[2
2m[39m[31m[1m^[22m
[39m[31m[1m^[22m[
39m[31m[1m^[22m[39
m[31m[1m^[22m[39m
[31m[1m^[22m[39m[3
1m[1m^[22m[39m[31m
[1m^[22m[39m[31m[
1m^[22m[39m[31m[1m
^[22m[39m[31m[1m^
[22m[39m[31m[1m^[2
2m[39m[31m[1m^[22m
[39m[31m[1m^[22m[
39m[31m[1m^[22m[39
m[31m[1m^[22m[39m
[31m[1m^[22m[39m[3
1m[1m^[22m[39m[31m
[1m^[22m[39m[31m[
1m^[22m[39m[31m[1m
^[22m[39m[31m[1m^
[22m[39m[31m[1m^[2
2m[39m[31m[1m^[22m
[39m[31m[1m^[22m[
39m[31m[1m^[22m[39
m[31m[1m^[22m[39m
[31m[1m^[22m[39m[3
1m[1m^[22m[39m
 [90m 22 |[39m
 [90m 23 |[39m 
[36mexport[39m 
[33m*[39m 
[36mas[39m $Enums 
[36mfrom[39m [32m'.
/enums.js'[39m[33m;
[39m
 [90m 24 |[39m 
[36mexport[39m 
[33m*[39m 
[36mfrom[39m [32m".
/enums.js"[39m[0m



Import trace:
  App Route:
    ./taskflow/lib/gen
erated/prisma/client.t
s
    
./taskflow/lib/db.ts
    
./taskflow/lib/auth.ts
    ./taskflow/app/api
/auth/[...all]/route.t
s

https://nextjs.org/doc
s/messages/module-not-
found


    at <unknown> (./ta
skflow/lib/generated/p
risma/client.ts:23:1)
    at <unknown> (http
s://nextjs.org/docs/me
ssages/module-not-foun
d)
    at <unknown> (./ta
skflow/lib/generated/p
risma/client.ts:24:1)
    at <unknown> (http
s://nextjs.org/docs/me
ssages/module-not-foun
d)
    at <unknown> (./ta
skflow/lib/generated/p
risma/client.ts:20:1)
    at <unknown> (http
s://nextjs.org/docs/me
ssages/module-not-foun
d)
    at <unknown> (./ta
skflow/lib/generated/p
risma/client.ts:21:1)
    at <unknown> (http
s://nextjs.org/docs/me
ssages/module-not-foun
d)
